{"wave":"products","handle":"brisa-natural-beige","created":true,"variants":3,"media":3,"errors":0}
{"wave":"products","handle":"costa-esmeralda-azul","created":true,"variants":3,"media":3,"errors":0}
{"wave":"products","handle":"entero-golden-hour","created":true,"variants":3,"media":3,"errors":0}
{"wave":"products","handle":"costa-esmeralda-negro","created":true,"variants":3,"media":3,"errors":0}
{"wave":"products","handle":"oasis-serena-azul","created":true,"variants":3,"media":3,"errors":0}
{"wave":"products","handle":"brisa-natural-naranja","created":true,"variants":3,"media":3,"errors":0}
{"wave":"products","handle":"arena-dorada-negro","created":true,"variants":3,"media":3,"errors":0}
{"wave":"products","handle":"oasis-serena-negro","created":true,"variants":3,"media":3,"errors":0}
{"wave":"products","handle":"marea-natural-naranja","created":true,"variants":3,"media":3,"errors":0}
{"wave":"products","handle":"bikini-shadow-azul-marino","created":true,"variants":3,"media":3,"errors":0}
{"wave":"products","handle":"alba-dorada-lila","created":true,"variants":4,"media":4,"errors":0}
{"wave":"products","handle":"raices-del-sol-azul-oscuro","created":true,"variants":4,"media":4,"errors":0}
{"wave":"products","handle":"camiseta-solar-waves-negro","created":true,"variants":3,"media":3,"errors":0}
{"wave":"products","handle":"amanecer-dorado-terracota","created":true,"variants":4,"media":3,"errors":0}
{"wave":"products","handle":"sol-interno-beige-suave","created":true,"variants":4,"media":4,"errors":0}
{"wave":"products","handle":"sol-interno-cafe-claro","created":true,"variants":4,"media":4,"errors":0}
{"wave":"products","handle":"enterizo-shadow-palm-azul-marino","created":true,"variants":3,"media":3,"errors":0}
{"wave":"products","handle":"amanecer-dorado-lila","created":true,"variants":4,"media":4,"errors":0}
{"wave":"products","handle":"aurora-total-azul-oscuro","created":true,"variants":4,"media":3,"errors":0}
{"wave":"products","handle":"bikini-waves-terracota","created":true,"variants":3,"media":3,"errors":0}
{"wave":"products","handle":"aurora-total-terracota","created":true,"variants":4,"media":4,"errors":0}
{"wave":"products","handle":"bikini-foam","created":true,"variants":3,"media":3,"errors":0}
{"wave":"products","handle":"bikini-waves-verde-oliva","created":true,"variants":3,"media":3,"errors":0}
{"wave":"products","handle":"alba-dorada-beige-suave","created":true,"variants":4,"media":3,"errors":0}
{"wave":"products","handle":"arena-dorada-beige","created":true,"variants":3,"media":3,"errors":0}
{"wave":"products","handle":"marea-natural","created":true,"variants":3,"media":3,"errors":0}
{"wave":"products","handle":"alba-dorada-cafe-claro","created":true,"variants":4,"media":5,"errors":0}
{"wave":"products","handle":"raices-del-sol-beige-suave","created":true,"variants":4,"media":3,"errors":0}
{"wave":"products","handle":"bikini-palm-verde-oliva","created":true,"variants":3,"media":3,"errors":0}
{"wave":"products","resumen":{"totalEnPaquete":29,"creados":29,"yaExistian":0}}
